// Jest Snapshot v1, https://goo.gl/fbAQLP

exports[`should render header correctly 1`] = `
<header>
  <h1>
    Budget
  </h1>
  <Unknown
    activeClassName="is-active"
    exact={true}
    to="/"
  >
    Dashboard
  </Unknown>
  <Unknown
    activeClassName="is-active"
    to="/create"
  >
    Create Expense
  </Unknown>
  <Unknown
    activeClassName="is-active"
    to="/edit/"
  >
    Edit Expense
  </Unknown>
  <Unknown
    activeClassName="is-active"
    to="/help"
  >
    Help
  </Unknown>
</header>
`;
